<html>
<body>
<pre>
<h1>µVision Build Log</h1>
<h2>Tool Versions:</h2>
IDE-Version: µVision V5.29.0.0
Copyright (C) 2019 ARM Ltd and ARM Germany GmbH. All rights reserved.
License Information: phuoc pham, utc2, LIC=32B1Q-N7UXA-56JQ2-9X0C3-8SH4J-M4Y6L
 
Tool Versions:
Toolchain:       MDK-ARM Plus  Version: 5.29.0.0
Toolchain Path:  D:\Program Files\Keil for arm\ARM\ARMCC\Bin
C Compiler:      Armcc.exe V5.06 update 6 (build 750)
Assembler:       Armasm.exe V5.06 update 6 (build 750)
Linker/Locator:  ArmLink.exe V5.06 update 6 (build 750)
Library Manager: ArmAr.exe V5.06 update 6 (build 750)
Hex Converter:   FromElf.exe V5.06 update 6 (build 750)
CPU DLL:         SARMCM3.DLL V5.29.0.0
Dialog DLL:      DCM.DLL V1.17.3.0
Target DLL:      STLink\ST-LINKIII-KEIL_SWO.dll V3.0.7.0
Dialog DLL:      TCM.DLL V1.36.5.0
 
<h2>Project:</h2>
D:\DATA\Microcontrollers\STM32F103C8T6\Truyen_dong_dien\MDK-ARM\Truyen_dong_dien.uvprojx
Project File Date:  11/17/2019

<h2>Output:</h2>
*** Using Compiler 'V5.06 update 6 (build 750)', folder: 'D:\Program Files\Keil for arm\ARM\ARMCC\Bin'
Build target 'Truyen_dong_dien'
assembling startup_stm32f103xb.s...
compiling main.c...
../Inc/TSC2046.h(73): warning:  #1295-D: Deprecated declaration Calibrate - give arg types
  void Calibrate();
../Src/main.c(46): warning:  #1295-D: Deprecated declaration mode_main - give arg types
  void mode_main();
../Src/main.c(47): warning:  #1295-D: Deprecated declaration mode_control - give arg types
  void mode_control();
../Src/main.c(48): warning:  #1295-D: Deprecated declaration mode_prescaler - give arg types
  void mode_prescaler();
../Src/main.c(49): warning:  #1295-D: Deprecated declaration mode_bluetooth - give arg types
  void mode_bluetooth();
../Src/main.c: 5 warnings, 0 errors
compiling MY_ILI9341.c...
..\Inc\MY_ILI9341.c(325): warning:  #177-D: variable "colorL"  was declared but never referenced
  	uint8_t colorL,colorH;
..\Inc\MY_ILI9341.c(325): warning:  #177-D: variable "colorH"  was declared but never referenced
  	uint8_t colorL,colorH;
..\Inc\MY_ILI9341.c(448): warning:  #177-D: variable "myColor"  was declared but never referenced
  	uint16_t myColor = 0xFF;
..\Inc\MY_ILI9341.c(29): warning:  #550-D: variable "tftRESET_GPIO"  was set but never used
  static GPIO_TypeDef  *tftRESET_GPIO;
..\Inc\MY_ILI9341.c(30): warning:  #550-D: variable "tftRESET_PIN"  was set but never used
  static uint16_t tftRESET_PIN;
..\Inc\MY_ILI9341.c: 5 warnings, 0 errors
compiling TSC2046.c...
..\Inc\TSC2046.h(73): warning:  #1295-D: Deprecated declaration Calibrate - give arg types
  void Calibrate();
..\Inc\TSC2046.c(177): warning:  #940-D: missing return statement at end of non-void function "TSC2046_Begin" 
  }
..\Inc\TSC2046.c(28): warning:  #177-D: variable "myLocalTs_Def"  was declared but never referenced
  static TS_TOUCH_RAW_Def myLocalTs_Def;
..\Inc\TSC2046.c: 3 warnings, 0 errors
compiling stm32f1xx_hal_gpio_ex.c...
compiling stm32f1xx_it.c...
compiling stm32f1xx_hal_msp.c...
compiling stm32f1xx_hal_tim_ex.c...
compiling stm32f1xx_hal_spi.c...
compiling stm32f1xx_hal_tim.c...
compiling stm32f1xx_hal.c...
compiling stm32f1xx_hal_uart.c...
compiling stm32f1xx_hal_rcc.c...
compiling stm32f1xx_hal_rcc_ex.c...
compiling stm32f1xx_hal_gpio.c...
compiling stm32f1xx_hal_dma.c...
compiling stm32f1xx_hal_cortex.c...
compiling stm32f1xx_hal_flash.c...
compiling stm32f1xx_hal_pwr.c...
compiling system_stm32f1xx.c...
compiling stm32f1xx_hal_flash_ex.c...
compiling stm32f1xx_hal_exti.c...
linking...
Program Size: Code=17744 RO-data=1708 RW-data=116 ZI-data=1716  
FromELF: creating hex file...
"Truyen_dong_dien\Truyen_dong_dien.axf" - 0 Error(s), 13 Warning(s).

<h2>Software Packages used:</h2>

Package Vendor: ARM
                http://www.keil.com/pack/ARM.CMSIS.5.6.0.pack
                ARM.CMSIS.5.6.0
                CMSIS (Cortex Microcontroller Software Interface Standard)
   * Component: CORE Version: 5.3.0

Package Vendor: Keil
                http://www.keil.com/pack/Keil.STM32F1xx_DFP.2.3.0.pack
                Keil.STM32F1xx_DFP.2.3.0
                STMicroelectronics STM32F1 Series Device Support, Drivers and Examples

<h2>Collection of Component include folders:</h2>
  .\RTE\_Truyen_dong_dien
  D:\Program Files\ARM\Packs\ARM\CMSIS\5.6.0\CMSIS\Core\Include
  D:\Program Files\ARM\Packs\Keil\STM32F1xx_DFP\2.3.0\Device\Include

<h2>Collection of Component Files used:</h2>

   * Component: ARM::CMSIS:CORE:5.3.0
Build Time Elapsed:  00:00:11
</pre>
</body>
</html>
